base-files
base-passwd
bash
bsdutils
coreutils
dash
debconf
debianutils
diffutils
dpkg
e2fsprogs
findutils
gcc-12-base
grep
gzip
hostname
init-system-helpers
libacl1
libattr1
libaudit-common
libaudit1
libblkid1
libbz2-1.0
libc-bin
libc6
libcap-ng0
libcap2
libcom-err2
libcrypt1
libdb5.3
libdebconfclient0
libext2fs2
libfile-find-rule-perl
libgcc-s1
libgcrypt20
libgdbm-compat4
libgdbm6
libgmp10
libgpg-error0
liblocale-gettext-perl
liblz4-1
liblzma5
libmd0
libmount1
libnumber-compare-perl
libpam-modules
libpam-modules-bin
libpam-runtime
libpam0g
libpcre2-8-0
libperl5.36
libselinux1
libsemanage-common
libsemanage2
libsepol2
libsmartcols1
libss2
libsystemd0
libtext-charwidth-perl
libtext-glob-perl
libtext-iconv-perl
libtext-wrapi18n-perl
libtinfo6
libudev1
libuuid1
libzstd1
login
logsave
mawk
mount
ncurses-base
ncurses-bin
passwd
perl
perl-base
perl-modules-5.36
sed
sensible-utils
sysvinit-utils
tar
tzdata
usrmerge
util-linux
util-linux-extra
zlib1g
apt
ca-certificates
debian-archive-keyring
gpgv
libapt-pkg6.0
libffi8
libgnutls30
libhogweed6
libidn2-0
libnettle8
libp11-kit0
libseccomp2
libssl3
libstdc++6
libtasn1-6
libunistring2
libxxhash0
openssl
